// Jest Snapshot v1, https://goo.gl/fbAQLP

exports[`Header component should render as expected 1`] = `
<header
  className="header"
>
  <div
    className="container"
  >
    <h1
      className="title"
    >
      superoo7
    </h1>
    <nav>
      <ul
        className="list"
      >
        <li
          className="listItem"
        >
          <Link
            className="link"
            replace={false}
            to="/"
          >
            Posts
          </Link>
        </li>
        <li
          className="listItem"
        >
          <Link
            className="link"
            replace={false}
            to="/about"
          >
            About
          </Link>
        </li>
        <li
          className="listItem"
        >
          <a
            className="link"
            href="#"
          >
            Resume
          </a>
        </li>
        <li
          className="listItem"
        >
          <a
            className="link"
            href="#"
          >
            Contact
          </a>
        </li>
      </ul>
    </nav>
  </div>
</header>
`;
