// Jest Snapshot v1, https://goo.gl/fbAQLP

exports[`NotFound component should render as expected 1`] = `
<div>
  <h2>
    Error 404
  </h2>
  <h5>
    The page is not found
  </h5>
</div>
`;
