// Jest Snapshot v1, https://goo.gl/fbAQLP

exports[`PostDetail component should render as expected 1`] = `
<div>
  <p>
    Post
  </p>
  <Post />
</div>
`;
