// Jest Snapshot v1, https://goo.gl/fbAQLP

exports[`About component should render as expected 1`] = `
<div>
  <h1
    className="heading"
  >
    Hi, I am superoo7
  </h1>
  <p
    className="bio"
  >
    This is the section I talk about myself.
  </p>
</div>
`;
